// Jest Snapshot v1, https://goo.gl/fbAQLP

exports[`ProfileIcon should render 1`] = `
<div>
  <div
    style="width: 50px; height: 50px; border-radius: 50%; background-color: rgb(74, 157, 39); display: flex; align-items: center; justify-content: center; color: white; font-size: 25px;"
  >
    SS
  </div>
</div>
`;
